A: 01
X: 02
Y: 00
P: 00010010
S: 20
PC: 60a
100 : 02
101 : 00
