A: 08
X: 09
Y: 00
P: 10010000
S: 20
PC: 60a
100 : 09
101 : 00
