A: 04
X: 06
Y: 00
P: 00010000
S: 20
PC: 613
100 : 04
101 : 05
