A: 00
X: 40
Y: 02
P: 00010000
S: 20
PC: 613
100 : 40
101 : 00
