A: 00
X: 00
Y: 00
P: 00010100
S: 20
PC: 604
100 : 00
101 : 00
