A: 0F
X: 00
Y: 00
P: 00010000
S: 20
PC: 608
100 : 1E
101 : 00
