A: 00
X: 00
Y: 00
P: 00010000
S: 20
PC: 602
100 : 00
101 : 00
