A: 82
X: 00
Y: 00
P: 11010000
S: 00
PC: 60e
100 : 01
101 : 82
