A: 01
X: 00
Y: 00
P: 00010000
S: 20
PC: 607
100 : 01
101 : 00
