A: FF
X: 00
Y: 00
P: 10010001
S: 20
PC: 608
100 : FE
101 : 00
