A: 80
X: 00
Y: 00
P: 10010000
S: 00
PC: 609
100 : 40
101 : 80
