A: 08
X: 00
Y: 00
P: 00010001
S: 00
PC: 611
100 : 08
101 : 00
