A: 07
X: 00
Y: 00
P: 00010001
S: 00
PC: 609
100 : 07
101 : 00
