A: 07
X: 00
Y: 00
P: 00010000
S: 00
PC: 60a
100 : 07
101 : 00
