A: 07
X: 00
Y: 00
P: 01010000
S: 20
PC: 608
100 : 07
101 : 82
