A: 00
X: 00
Y: 00
P: 00010010
S: 00
PC: 603
100 : 00
101 : 00
