A: 82
X: 00
Y: 00
P: 10010000
S: 20
PC: 60f
100 : 01
101 : 82
