A: 08
X: 09
Y: 00
P: 00010001
S: 20
PC: 60a
100 : 08
101 : 00
