A: 08
X: 00
Y: 08
P: 00010011
S: 00
PC: 60a
100 : 08
101 : 00
