A: 03
X: 00
Y: 00
P: 00010000
S: 00
PC: 607
100 : 03
101 : 00
