A: 07
X: 08
Y: 00
P: 00010000
S: 20
PC: 610
100 : 08
101 : 07
