A: 00
X: 08
Y: 00
P: 00010000
S: 20
PC: 607
100 : 00
101 : 08
