A: 00
X: 00
Y: 08
P: 00010000
S: 20
PC: 607
100 : 00
101 : 08
