A: 03
X: 40
Y: 00
P: 00010000
S: 20
PC: 608
100 : 40
101 : 00
