A: 41
X: 02
Y: 00
P: 00010000
S: 00
PC: 615
100 : 41
101 : 00
