A: 41
X: 00
Y: 04
P: 00010000
S: 00
PC: 611
100 : 41
101 : 00
