A: 04
X: 04
Y: 00
P: 00010000
S: 20
PC: 60a
100 : 04
101 : 00
