A: 41
X: 04
Y: 00
P: 00010000
S: 20
PC: 611
100 : 41
101 : 00
