A: 41
X: 00
Y: 02
P: 00010000
S: 20
PC: 615
100 : 41
101 : 00
