A: 00
X: 05
Y: 00
P: 00010000
S: 20
PC: 605
100 : 05
101 : 00
