A: 00
X: 00
Y: 05
P: 00010000
S: 00
PC: 605
100 : 05
101 : 00
