A: FF
X: 00
Y: 00
P: 10010001
S: 00
PC: 608
100 : FF
101 : 00
