A: 00
X: 00
Y: 00
P: 00010000
S: 00
PC: 601
100 : 00
101 : 00
