A: 0F
X: 00
Y: 00
P: 00010001
S: 20
PC: 608
100 : 07
101 : 00
