A: 08
X: 08
Y: 08
P: 00010000
S: 00
PC: 610
100 : 08
101 : 08
