A: 00
X: 04
Y: 00
P: 00010000
S: 04
PC: 606
100 : 00
101 : 00
